// Jest Snapshot v1, https://goo.gl/fbAQLP

exports[`Example2TypescriptReact package tests matches snapshot 1`] = `
<styled.div>
  <h1>
    Another Example: 
    TypeScript
     and 
    React
    !
  </h1>
</styled.div>
`;
